[1, 2, 3, 20, 5, 4, 19]
54
[1, 2, 3, 20, 5, 4, 19]

[hello!]
[hello!]
