#ff0000
#00ff00
#0000ff
#ffffff
#ffffff
#ffffff
#112233
#aabbcc

170
187
204

0
255
0

254
1
255

true
false
true
true
false

false
false
true

true
false
false
false
true

1.0
0.333
1.0
0.0
0.911
