hello
we are going to test some basic language features...
okay...
are you ready for this?
Ökay, let's go! òèàáéó
I really like if's
tautology
obviously
wait for it...
legen
Looking good
3
any number other than zero is true
for variables...
and even for floats
---
function call
nested if
awesome
success
