5
6
8
6
6
6
5
7
6
Beginning assignments test!
3
8
3
12
2
2
4
Hello world!
