in a
in b
in c
in d (1)
here is e
out d
out c
out b
out a
