Hi my friend!
This is a number: 5.
42 is another number.

Hi, John!
110 is a number, just like 111.
